%!Adobe-FontList 1.11
%Locale:0x412

%BeginFont
Handler:DirectoryHandler
FontType:Invalid
OutlineFileName:D:\양상윤\[소스]\Font\Ygo310.fla
FileModTime:1209373380
%EndFont

%BeginFont
Handler:DirectoryHandler
FontType:Invalid
OutlineFileName:D:\양상윤\[소스]\Font\Ygo310.swf
FileModTime:1214189020
%EndFont

%BeginFont
Handler:DirectoryHandler
FontType:Invalid
OutlineFileName:D:\양상윤\[소스]\Font\Ygo320.fla
FileModTime:1209373372
%EndFont

%BeginFont
Handler:DirectoryHandler
FontType:Invalid
OutlineFileName:D:\양상윤\[소스]\Font\Ygo320.swf
FileModTime:1209373375
%EndFont

%BeginFont
Handler:DirectoryHandler
FontType:Invalid
OutlineFileName:D:\양상윤\[소스]\Font\Ygo340.fla
FileModTime:1209373364
%EndFont

%BeginFont
Handler:DirectoryHandler
FontType:Invalid
OutlineFileName:D:\양상윤\[소스]\Font\Ygo340.swf
FileModTime:1209373367
%EndFont

%BeginFont
Handler:DirectoryHandler
FontType:Invalid
OutlineFileName:D:\양상윤\[소스]\Font\Ygo350.fla
FileModTime:1209373352
%EndFont

%BeginFont
Handler:DirectoryHandler
FontType:Invalid
OutlineFileName:D:\양상윤\[소스]\Font\Ygo350.swf
FileModTime:1209373355
%EndFont

